{"test/test2.xmp":{"tags":["中文测试","0.0","wujinjun-MC"]}}
