{"test/test1.xmp":{"tags":["foo","bar","baz","for bar baz","true","false","null","1","2","3","0.0","wujinjun-MC"]}}
